sieve.main                      00000000: 40                       PUSH BP
                                00000001: 2B 37                    MOVW BP, SP
                                00000003: 3C                       PUSH I
                                00000004: 3D                       PUSH J
                                00000005: 2B 61 1C 01 00 00        MOVW J:I, [0000011C]
                                0000000B: 6B 63 22 FD 2E 01        LEA J:I, [J:I + 012EFD]
                                00000011: 04 FF                    MOVS A, FF
                                00000013: 2A C6 20                 MOV [J:I], AL
                                00000016: 2B 61 1C 01 00 00        MOVW J:I, [0000011C]
                                0000001C: 6B 63 22 FE 2E 01        LEA J:I, [J:I + 012EFE]
                                00000022: 04 FF                    MOVS A, FF
                                00000024: 2A C6 20                 MOV [J:I], AL
                                00000027: 2B 61 1C 01 00 00        MOVW J:I, [0000011C]
                                0000002D: 6B 63 22 FF 2E 01        LEA J:I, [J:I + 012EFF]
                                00000033: 04 FF                    MOVS A, FF
                                00000035: 2A C6 20                 MOV [J:I], AL
                                00000038: 58 00 2C 01 00           PUSHW 00012C00
                                0000003D: 2B 41 1C 01 00 00        MOVW D:A, [0000011C]
                                00000043: 3B                       PUSH D
                                00000044: 38                       PUSH A
                                00000045: D4 2A                    CALL 2A
                                00000047: 96 08                    ADD SP, 08
                                00000049: 6B 61 20 01 00 00        LEA J:I, [00000120]
                                0000004F: 04 01                    MOVS A, 01
                                00000051: 2A C6 20                 MOV [J:I], AL
                                00000054: 6B 61 20 01 00 00        LEA J:I, [00000120]
                                0000005A: 6B 63 20 01              LEA J:I, [J:I + 01]
                                0000005E: 04 E0                    MOVS A, E0
                                00000060: 2A C6 20                 MOV [J:I], AL
sieve.main.loop0                00000063: 6B 41 20 01 00 00        LEA D:A, [00000120]
                                00000069: D9 00                    CALLA D:A
                                0000006B: DA F6                    JMP F6
sieve.main%epilogue             0000006D: 49                       POP J
                                0000006E: 48                       POP I
                                0000006F: 4C                       POP BP
                                00000070: E0                       RET
sieve.sieve                     00000071: 40                       PUSH BP
                                00000072: 2B 37                    MOVW BP, SP
                                00000074: 3C                       PUSH I
                                00000075: 3D                       PUSH J
                                00000076: 3E                       PUSH K
                                00000077: 3F                       PUSH L
                                00000078: 02 68 00 00              MOVS L:K, 0000
sieve.sieve.loop0               0000007C: 2B 43 30 0C              MOVW D:A, [BP + 0C]
                                00000080: 6C 3B                    CMP L, D
                                00000082: F8 04                    JG 04
                                00000084: FC 02                    JL 02
                                00000086: 6C 30                    CMP K, A
sieve.sieve.cmpd0               00000088: A3 C0 01 FB              CMOVGE  AL, 01
                                0000008C: A3 C0 00 FD              CMOVL  AL, 00
                                00000090: 6E 80                    CMP AL, 0
                                00000092: F2 13                    JNZ 13
sieve.sieve.start0              00000094: 2B 63 30 08              MOVW J:I, [BP + 08]
                                00000098: 2B 05                    MOVW D:A, L:K
                                0000009A: 90 20                    ADD I, A
                                0000009C: 92 2B                    ADC J, D
                                0000009E: 04 FF                    MOVS A, FF
                                000000A0: 2A C6 20                 MOV [J:I], AL
sieve.sieve.next0               000000A3: B2                       INC K
                                000000A4: 7F                       ICC L
                                000000A5: DA D5                    JMP D5
sieve.sieve.endloop0            000000A7: 02 68 02 00              MOVS L:K, 0002
sieve.sieve.loop1               000000AB: 2B 43 30 0C              MOVW D:A, [BP + 0C]
                                000000AF: 6C 3B                    CMP L, D
                                000000B1: F8 04                    JG 04
                                000000B3: FC 02                    JL 02
                                000000B5: 6C 30                    CMP K, A
sieve.sieve.cmpd1               000000B7: A3 C0 01 FB              CMOVGE  AL, 01
                                000000BB: A3 C0 00 FD              CMOVL  AL, 00
                                000000BF: 6E 80                    CMP AL, 0
                                000000C1: F2 53                    JNZ 53
sieve.sieve.start1              000000C3: 2B 63 30 08              MOVW J:I, [BP + 08]
                                000000C7: 2B 05                    MOVW D:A, L:K
                                000000C9: 90 20                    ADD I, A
                                000000CB: 92 2B                    ADC J, D
                                000000CD: 2A C2 20                 MOV AL, [J:I]
                                000000D0: 6D 80 FF                 CMP AL, FF
                                000000D3: F0 04                    JZ 04
                                000000D5: B2                       INC K
                                000000D6: 7F                       ICC L
                                000000D7: DA D2                    JMP D2
sieve.sieve.endif0              000000D9: 2B 05                    MOVW D:A, L:K
                                000000DB: C8 40 01 00              SHL A, 0001
                                000000DF: CD 58 01 00              RCL D, 0001
                                000000E3: 2B 10                    MOVW B:C, D:A
sieve.sieve.loop2               000000E5: 2B 43 30 0C              MOVW D:A, [BP + 0C]
                                000000E9: 6C 0B                    CMP B, D
                                000000EB: F8 04                    JG 04
                                000000ED: FC 02                    JL 02
                                000000EF: 6C 10                    CMP C, A
sieve.sieve.cmpd2               000000F1: A3 C0 01 FB              CMOVGE  AL, 01
                                000000F5: A3 C0 00 FD              CMOVL  AL, 00
                                000000F9: 6E 80                    CMP AL, 0
                                000000FB: F2 15                    JNZ 15
sieve.sieve.start2              000000FD: 2B 63 30 08              MOVW J:I, [BP + 08]
                                00000101: 2B 02                    MOVW D:A, B:C
                                00000103: 90 20                    ADD I, A
                                00000105: 92 2B                    ADC J, D
                                00000107: 04 00                    MOVS A, 00
                                00000109: 2A C6 20                 MOV [J:I], AL
sieve.sieve.next2               0000010C: 90 16                    ADD C, K
                                0000010E: 92 0F                    ADC B, L
                                00000110: DA D3                    JMP D3
sieve.sieve.endloop2            00000112: B2                       INC K
                                00000113: 7F                       ICC L
                                00000114: DA 95                    JMP 95
sieve.sieve%epilogue            00000116: 4B                       POP L
                                00000117: 4A                       POP K
                                00000118: 49                       POP J
                                00000119: 48                       POP I
                                0000011A: 4C                       POP BP
                                0000011B: E0                       RET
sieve.buf                       0000011C: 00                       NOP
                                0000011D: 00                       NOP
                                0000011E: 02 F0 00                 MOVS K, 00
                                00000121: 00                       NOP
