test.main                       00000000: 40                       PUSH BP
                                00000001: 2B 37                    MOVW BP, SP
test.main%epilogue              00000003: 4C                       POP BP
                                00000004: E0                       RET
test.test1                      00000005: 40                       PUSH BP
                                00000006: 2B 37                    MOVW BP, SP
                                00000008: 3C                       PUSH I
                                00000009: 3D                       PUSH J
                                0000000A: 3E                       PUSH K
                                0000000B: 2B 63 30 0C              MOVW J:I, [BP + 0C]
                                0000000F: 2A 43 30 10              MOV A, [BP + 10]
                                00000013: A1 40 02 00              MULH D:A, 0002
                                00000017: 90 20                    ADD I, A
                                00000019: 92 2B                    ADC J, D
                                0000001B: 50 42 20                 PUSH [J:I]
                                0000001E: 2B 63 30 08              MOVW J:I, [BP + 08]
                                00000022: 2A 43 30 10              MOV A, [BP + 10]
                                00000026: A1 40 02 00              MULH D:A, 0002
                                0000002A: 90 20                    ADD I, A
                                0000002C: 92 2B                    ADC J, D
                                0000002E: 2A 42 20                 MOV A, [J:I]
                                00000031: 90 42 38                 ADD A, [SP]
                                00000034: 96 02                    ADD SP, 02
                                00000036: 2A 30                    MOV K, A
                                00000038: 2B 63 30 0C              MOVW J:I, [BP + 0C]
                                0000003C: 2A 06                    MOV A, K
                                0000003E: 98 43 30 10              SUB A, [BP + 10]
                                00000042: A1 40 02 00              MULH D:A, 0002
                                00000046: 90 20                    ADD I, A
                                00000048: 92 2B                    ADC J, D
                                0000004A: 50 42 20                 PUSH [J:I]
                                0000004D: 2B 63 30 08              MOVW J:I, [BP + 08]
                                00000051: 2A 06                    MOV A, K
                                00000053: 90 43 30 10              ADD A, [BP + 10]
                                00000057: A1 40 02 00              MULH D:A, 0002
                                0000005B: 90 20                    ADD I, A
                                0000005D: 92 2B                    ADC J, D
                                0000005F: 2A 42 20                 MOV A, [J:I]
                                00000062: 90 42 38                 ADD A, [SP]
                                00000065: 96 02                    ADD SP, 02
test.test1%epilogue             00000067: 4A                       POP K
                                00000068: 49                       POP J
                                00000069: 48                       POP I
                                0000006A: 4C                       POP BP
                                0000006B: E0                       RET
