util.halt                       00000400: 6F                       HLT
                                00000401: E0                       RET
util.mulh8                      00000402: 2A C3 38 04              MOV AL, [SP + 04]
                                00000406: A2 C3 38 05              MULH A, [SP + 05]
                                0000040A: E0                       RET
util.mulsh8                     0000040B: 2A C3 38 04              MOV AL, [SP + 04]
                                0000040F: A3 C3 38 05              MULSH A, [SP + 05]
                                00000413: E0                       RET
util.mulh16                     00000414: 14 38 04                 MOV A, [SP + 04]
                                00000417: A2 43 38 06              MULH D:A, [SP + 06]
                                0000041B: E0                       RET
util.mulsh16                    0000041C: 14 38 04                 MOV A, [SP + 04]
                                0000041F: A2 43 38 06              MULH D:A, [SP + 06]
                                00000423: E0                       RET
util.atomic_call                00000424: 4C                       PUSH BP
                                00000425: 01 37                    MOVW BP, SP
                                00000427: 48                       PUSH I
                                00000428: 49                       PUSH J
                                00000429: 6A 00                    MOV A, PF
                                0000042B: 44                       PUSH A
                                0000042C: D0 40 FE FF              AND A, FFFE
                                00000430: 69 00                    MOV PF, A
                                00000432: 01 53 30 08              MOVW B:C, [BP + 08]
                                00000436: 17 10 04                 MOV D, [B:C + 04]
                                00000439: 01 63 30 0C              MOVW J:I, [BP + 0C]
                                0000043D: DA 07                    JMP 07
util.atomic_call.arg_loop       0000043F: 4F C2 20                 PUSH [J:I]
                                00000442: B0                       INC I
                                00000443: B5                       ICC J
                                00000444: C4 18                    DEC D
util.atomic_call.arg_cmp        00000446: 6E 18                    CMP D, 0
                                00000448: F2 F5                    JNZ F5
                                0000044A: 01 22                    MOVW J:I, B:C
                                0000044C: D9 42 10                 CALLA [B:C]
                                0000044F: 03 D3 20 04              MOVZ C, [J:I + 04]
                                00000453: 6B 7A 7A                 LEA SP, [C]
                                00000456: 4E                       PUSH PF
                                00000457: 58                       POP I
                                00000458: 5C                       POP BP
                                00000459: E0                       RET
example.main                    0000045A: 4C                       PUSH BP
                                0000045B: 01 37                    MOVW BP, SP
                                0000045D: 9E 04                    SUB SP, 04
                                0000045F: 48                       PUSH I
                                00000460: 49                       PUSH J
                                00000461: 4A                       PUSH K
                                00000462: 4B                       PUSH L
                                00000463: 01 68 00 00 02 F0        MOVW L:K, F0020000
example.main.while0             00000469: 01 05                    MOVW D:A, L:K
                                0000046B: 6C 58 03 F0              CMP D, F003
                                0000046F: F4 15                    JA 15
                                00000471: E4 06                    JC 06
                                00000473: 6C 40 00 2C              CMP A, 2C00
                                00000477: E6 0D                    JNC 0D
example.main.start0             00000479: 01 25                    MOVW J:I, L:K
                                0000047B: 04 FF                    MOVS A, FF
                                0000047D: 2A C6 20                 MOV [J:I], AL
                                00000480: C0 30                    INC K
                                00000482: C1 38                    ICC L
                                00000484: DA E3                    JMP E3
example.main.endwhile0          00000486: 01 68 00 00 02 F0        MOVW L:K, F0020000
                                0000048C: 01 25                    MOVW J:I, L:K
                                0000048E: 04 00                    MOVS A, 00
                                00000490: 2A C6 20                 MOV [J:I], AL
                                00000493: 01 25                    MOVW J:I, L:K
                                00000495: 6B 63 20 01              LEA J:I, [J:I + 01]
                                00000499: 04 00                    MOVS A, 00
                                0000049B: 2A C6 20                 MOV [J:I], AL
                                0000049E: 02 50 01 00              MOVS B:C, 0001
                                000004A2: DA 0F                    JMP 0F
example.main.while2             000004A4: 01 25                    MOVW J:I, L:K
                                000004A6: 01 02                    MOVW D:A, B:C
                                000004A8: 90 20                    ADD I, A
                                000004AA: 92 2B                    ADC J, D
                                000004AC: 2A C2 20                 MOV AL, [J:I]
                                000004AF: 6E 80                    CMP AL, 0
                                000004B1: F2 16                    JNZ 16
example.%lbl_sieve%start        000004B3: C0 10                    INC C
                                000004B5: C1 08                    ICC B
                                000004B7: 01 02                    MOVW D:A, B:C
                                000004B9: 6E 18                    CMP D, 0
                                000004BB: E4 E7                    JC E7
                                000004BD: F4 40                    JA 40
                                000004BF: 6C 40 16 01              CMP A, 0116
                                000004C3: E4 DF                    JC DF
                                000004C5: DA 38                    JMP 38
                                000004C7: DA DB                    JMP DB
example.main.endwhile2          000004C9: 01 02                    MOVW D:A, B:C
                                000004CB: 90 02                    ADD A, C
                                000004CD: 92 19                    ADC D, B
                                000004CF: 01 20                    MOVW J:I, D:A
example.main.while3             000004D1: 01 04                    MOVW D:A, J:I
                                000004D3: 6D 18 01                 CMP D, 01
                                000004D6: F4 DB                    JA DB
                                000004D8: E4 06                    JC 06
                                000004DA: 6C 40 00 2C              CMP A, 2C00
                                000004DE: E6 D3                    JNC D3
example.main.start3             000004E0: 01 67 30 FC              MOVW [BP + FC], J:I
                                000004E4: 01 25                    MOVW J:I, L:K
                                000004E6: 01 43 30 FC              MOVW D:A, [BP + FC]
                                000004EA: 90 20                    ADD I, A
                                000004EC: 92 2B                    ADC J, D
                                000004EE: 04 00                    MOVS A, 00
                                000004F0: 2A C6 20                 MOV [J:I], AL
                                000004F3: 01 63 30 FC              MOVW J:I, [BP + FC]
                                000004F7: 90 22                    ADD I, C
                                000004F9: 92 29                    ADC J, B
                                000004FB: DA D4                    JMP D4
                                000004FD: DA B4                    JMP B4
example.%lbl_sieve%end          000004FF: 45                       PUSH B
                                00000500: 46                       PUSH C
                                00000501: D8 00 04 00 00           CALLA 00000400
                                00000506: 56                       POP C
                                00000507: 55                       POP B
                                00000508: DA F5                    JMP F5
example.main.endwhile4          0000050A: 5B                       POP L
                                0000050B: 5A                       POP K
                                0000050C: 59                       POP J
                                0000050D: 58                       POP I
                                0000050E: 96 04                    ADD SP, 04
                                00000510: 5C                       POP BP
                                00000511: E0                       RET
                                00000512: 00                       NOP
                                00000513: 00                       NOP
                                00000514: 00                       NOP
                                00000515: 00                       NOP
                                00000516: 00                       NOP
                                00000517: 00                       NOP
                                00000518: 00                       NOP
                                00000519: 00                       NOP
                                0000051A: 00                       NOP
                                0000051B: 00                       NOP
                                0000051C: 00                       NOP
                                0000051D: 00                       NOP
                                0000051E: 00                       NOP
                                0000051F: 00                       NOP
                                00000520: 00                       NOP
                                00000521: 00                       NOP
                                00000522: 00                       NOP
                                00000523: 00                       NOP
                                00000524: 00                       NOP
                                00000525: 00                       NOP
                                00000526: 00                       NOP
                                00000527: 00                       NOP
                                00000528: 00                       NOP
                                00000529: 00                       NOP
                                0000052A: 00                       NOP
                                0000052B: 00                       NOP
                                0000052C: 00                       NOP
                                0000052D: 00                       NOP
                                0000052E: 00                       NOP
                                0000052F: 00                       NOP
                                00000530: 00                       NOP
                                00000531: 00                       NOP
                                00000532: 00                       NOP
                                00000533: 00                       NOP
                                00000534: 00                       NOP
                                00000535: 00                       NOP
                                00000536: 00                       NOP
                                00000537: 00                       NOP
                                00000538: 00                       NOP
                                00000539: 00                       NOP
                                0000053A: 00                       NOP
                                0000053B: 00                       NOP
                                0000053C: 00                       NOP
                                0000053D: 00                       NOP
                                0000053E: 00                       NOP
                                0000053F: 00                       NOP
                                00000540: 00                       NOP
                                00000541: 00                       NOP
                                00000542: 00                       NOP
                                00000543: 00                       NOP
                                00000544: 00                       NOP
                                00000545: 00                       NOP
                                00000546: 00                       NOP
                                00000547: 00                       NOP
                                00000548: 00                       NOP
                                00000549: 00                       NOP
                                0000054A: 00                       NOP
                                0000054B: 00                       NOP
                                0000054C: 00                       NOP
                                0000054D: 00                       NOP
                                0000054E: 00                       NOP
                                0000054F: 00                       NOP
                                00000550: 00                       NOP
                                00000551: 00                       NOP
                                00000552: 00                       NOP
                                00000553: 00                       NOP
                                00000554: 00                       NOP
                                00000555: 00                       NOP
                                00000556: 00                       NOP
                                00000557: 00                       NOP
                                00000558: 00                       NOP
                                00000559: 00                       NOP
                                0000055A: 00                       NOP
                                0000055B: 00                       NOP
                                0000055C: 00                       NOP
                                0000055D: 00                       NOP
                                0000055E: 00                       NOP
                                0000055F: 00                       NOP
                                00000560: 00                       NOP
                                00000561: 00                       NOP
                                00000562: 00                       NOP
                                00000563: 00                       NOP
                                00000564: 00                       NOP
                                00000565: 00                       NOP
                                00000566: 00                       NOP
                                00000567: 00                       NOP
                                00000568: 00                       NOP
                                00000569: 00                       NOP
                                0000056A: 00                       NOP
                                0000056B: 00                       NOP
                                0000056C: 00                       NOP
                                0000056D: 00                       NOP
                                0000056E: 00                       NOP
                                0000056F: 00                       NOP
                                00000570: 00                       NOP
                                00000571: 00                       NOP
                                00000572: 00                       NOP
                                00000573: 00                       NOP
                                00000574: 00                       NOP
                                00000575: 00                       NOP
                                00000576: 00                       NOP
                                00000577: 00                       NOP
                                00000578: 00                       NOP
                                00000579: 00                       NOP
                                0000057A: 00                       NOP
                                0000057B: 00                       NOP
                                0000057C: 00                       NOP
                                0000057D: 00                       NOP
                                0000057E: 00                       NOP
                                0000057F: 00                       NOP
                                00000580: 00                       NOP
                                00000581: 00                       NOP
                                00000582: 00                       NOP
                                00000583: 00                       NOP
                                00000584: 00                       NOP
                                00000585: 00                       NOP
                                00000586: 00                       NOP
                                00000587: 00                       NOP
                                00000588: 00                       NOP
                                00000589: 00                       NOP
                                0000058A: 00                       NOP
                                0000058B: 00                       NOP
                                0000058C: 00                       NOP
                                0000058D: 00                       NOP
                                0000058E: 00                       NOP
                                0000058F: 00                       NOP
                                00000590: 00                       NOP
                                00000591: 00                       NOP
                                00000592: 00                       NOP
                                00000593: 00                       NOP
                                00000594: 00                       NOP
                                00000595: 00                       NOP
                                00000596: 00                       NOP
                                00000597: 00                       NOP
                                00000598: 00                       NOP
                                00000599: 00                       NOP
                                0000059A: 00                       NOP
                                0000059B: 00                       NOP
                                0000059C: 00                       NOP
                                0000059D: 00                       NOP
                                0000059E: 00                       NOP
                                0000059F: 00                       NOP
                                000005A0: 00                       NOP
                                000005A1: 00                       NOP
                                000005A2: 00                       NOP
                                000005A3: 00                       NOP
                                000005A4: 00                       NOP
                                000005A5: 00                       NOP
                                000005A6: 00                       NOP
                                000005A7: 00                       NOP
                                000005A8: 00                       NOP
                                000005A9: 00                       NOP
                                000005AA: 00                       NOP
                                000005AB: 00                       NOP
                                000005AC: 00                       NOP
                                000005AD: 00                       NOP
                                000005AE: 00                       NOP
                                000005AF: 00                       NOP
                                000005B0: 00                       NOP
                                000005B1: 00                       NOP
                                000005B2: 00                       NOP
                                000005B3: 00                       NOP
                                000005B4: 00                       NOP
                                000005B5: 00                       NOP
                                000005B6: 00                       NOP
                                000005B7: 00                       NOP
                                000005B8: 00                       NOP
                                000005B9: 00                       NOP
                                000005BA: 00                       NOP
                                000005BB: 00                       NOP
                                000005BC: 00                       NOP
                                000005BD: 00                       NOP
                                000005BE: 00                       NOP
                                000005BF: 00                       NOP
                                000005C0: 00                       NOP
                                000005C1: 00                       NOP
                                000005C2: 00                       NOP
                                000005C3: 00                       NOP
                                000005C4: 00                       NOP
                                000005C5: 00                       NOP
                                000005C6: 00                       NOP
                                000005C7: 00                       NOP
                                000005C8: 00                       NOP
                                000005C9: 00                       NOP
                                000005CA: 00                       NOP
                                000005CB: 00                       NOP
                                000005CC: 00                       NOP
                                000005CD: 00                       NOP
                                000005CE: 00                       NOP
                                000005CF: 00                       NOP
                                000005D0: 00                       NOP
                                000005D1: 00                       NOP
                                000005D2: 00                       NOP
                                000005D3: 00                       NOP
                                000005D4: 00                       NOP
                                000005D5: 00                       NOP
                                000005D6: 00                       NOP
                                000005D7: 00                       NOP
                                000005D8: 00                       NOP
                                000005D9: 00                       NOP
                                000005DA: 00                       NOP
                                000005DB: 00                       NOP
                                000005DC: 00                       NOP
                                000005DD: 00                       NOP
                                000005DE: 00                       NOP
                                000005DF: 00                       NOP
                                000005E0: 00                       NOP
                                000005E1: 00                       NOP
                                000005E2: 00                       NOP
                                000005E3: 00                       NOP
                                000005E4: 00                       NOP
                                000005E5: 00                       NOP
                                000005E6: 00                       NOP
                                000005E7: 00                       NOP
                                000005E8: 00                       NOP
                                000005E9: 00                       NOP
                                000005EA: 00                       NOP
                                000005EB: 00                       NOP
                                000005EC: 00                       NOP
                                000005ED: 00                       NOP
                                000005EE: 00                       NOP
                                000005EF: 00                       NOP
                                000005F0: 00                       NOP
                                000005F1: 00                       NOP
                                000005F2: 00                       NOP
                                000005F3: 00                       NOP
                                000005F4: 00                       NOP
                                000005F5: 00                       NOP
                                000005F6: 00                       NOP
                                000005F7: 00                       NOP
                                000005F8: 00                       NOP
                                000005F9: 00                       NOP
                                000005FA: 00                       NOP
                                000005FB: 00                       NOP
                                000005FC: 00                       NOP
                                000005FD: 00                       NOP
                                000005FE: 00                       NOP
                                000005FF: 00                       NOP
                                00000600: 00                       NOP
                                00000601: 00                       NOP
                                00000602: 00                       NOP
                                00000603: 00                       NOP
                                00000604: 00                       NOP
                                00000605: 00                       NOP
                                00000606: 00                       NOP
                                00000607: 00                       NOP
                                00000608: 00                       NOP
                                00000609: 00                       NOP
                                0000060A: 00                       NOP
                                0000060B: 00                       NOP
                                0000060C: 00                       NOP
                                0000060D: 00                       NOP
                                0000060E: 00                       NOP
                                0000060F: 00                       NOP
                                00000610: 00                       NOP
                                00000611: 00                       NOP
                                00000612: 00                       NOP
                                00000613: 00                       NOP
                                00000614: 00                       NOP
                                00000615: 00                       NOP
                                00000616: 00                       NOP
                                00000617: 00                       NOP
                                00000618: 00                       NOP
                                00000619: 00                       NOP
                                0000061A: 00                       NOP
                                0000061B: 00                       NOP
                                0000061C: 00                       NOP
                                0000061D: 00                       NOP
                                0000061E: 00                       NOP
                                0000061F: 00                       NOP
                                00000620: 00                       NOP
                                00000621: 00                       NOP
                                00000622: 00                       NOP
                                00000623: 00                       NOP
                                00000624: 00                       NOP
                                00000625: 00                       NOP
                                00000626: 00                       NOP
                                00000627: 00                       NOP
                                00000628: 00                       NOP
                                00000629: 00                       NOP
                                0000062A: 00                       NOP
                                0000062B: 00                       NOP
                                0000062C: 00                       NOP
                                0000062D: 00                       NOP
                                0000062E: 00                       NOP
                                0000062F: 00                       NOP
                                00000630: 00                       NOP
                                00000631: 00                       NOP
                                00000632: 00                       NOP
                                00000633: 00                       NOP
                                00000634: 00                       NOP
                                00000635: 00                       NOP
                                00000636: 00                       NOP
                                00000637: 00                       NOP
                                00000638: 00                       NOP
                                00000639: 00                       NOP
                                0000063A: 00                       NOP
                                0000063B: 00                       NOP
                                0000063C: 00                       NOP
                                0000063D: 00                       NOP
                                0000063E: 00                       NOP
                                0000063F: 00                       NOP
                                00000640: 00                       NOP
                                00000641: 00                       NOP
                                00000642: 00                       NOP
                                00000643: 00                       NOP
                                00000644: 00                       NOP
                                00000645: 00                       NOP
                                00000646: 00                       NOP
                                00000647: 00                       NOP
                                00000648: 00                       NOP
                                00000649: 00                       NOP
                                0000064A: 00                       NOP
                                0000064B: 00                       NOP
                                0000064C: 00                       NOP
                                0000064D: 00                       NOP
                                0000064E: 00                       NOP
                                0000064F: 00                       NOP
                                00000650: 00                       NOP
                                00000651: 00                       NOP
                                00000652: 00                       NOP
                                00000653: 00                       NOP
                                00000654: 00                       NOP
                                00000655: 00                       NOP
                                00000656: 00                       NOP
                                00000657: 00                       NOP
                                00000658: 00                       NOP
                                00000659: 00                       NOP
                                0000065A: 00                       NOP
                                0000065B: 00                       NOP
                                0000065C: 00                       NOP
                                0000065D: 00                       NOP
                                0000065E: 00                       NOP
                                0000065F: 00                       NOP
                                00000660: 00                       NOP
                                00000661: 00                       NOP
                                00000662: 00                       NOP
                                00000663: 00                       NOP
                                00000664: 00                       NOP
                                00000665: 00                       NOP
                                00000666: 00                       NOP
                                00000667: 00                       NOP
                                00000668: 00                       NOP
                                00000669: 00                       NOP
                                0000066A: 00                       NOP
                                0000066B: 00                       NOP
                                0000066C: 00                       NOP
                                0000066D: 00                       NOP
                                0000066E: 00                       NOP
                                0000066F: 00                       NOP
                                00000670: 00                       NOP
                                00000671: 00                       NOP
                                00000672: 00                       NOP
                                00000673: 00                       NOP
                                00000674: 00                       NOP
                                00000675: 00                       NOP
                                00000676: 00                       NOP
                                00000677: 00                       NOP
                                00000678: 00                       NOP
                                00000679: 00                       NOP
                                0000067A: 00                       NOP
                                0000067B: 00                       NOP
                                0000067C: 00                       NOP
                                0000067D: 00                       NOP
                                0000067E: 00                       NOP
                                0000067F: 00                       NOP
                                00000680: 00                       NOP
                                00000681: 00                       NOP
                                00000682: 00                       NOP
                                00000683: 00                       NOP
                                00000684: 00                       NOP
                                00000685: 00                       NOP
                                00000686: 00                       NOP
                                00000687: 00                       NOP
                                00000688: 00                       NOP
                                00000689: 00                       NOP
                                0000068A: 00                       NOP
                                0000068B: 00                       NOP
                                0000068C: 00                       NOP
                                0000068D: 00                       NOP
                                0000068E: 00                       NOP
                                0000068F: 00                       NOP
                                00000690: 00                       NOP
                                00000691: 00                       NOP
                                00000692: 00                       NOP
                                00000693: 00                       NOP
                                00000694: 00                       NOP
                                00000695: 00                       NOP
                                00000696: 00                       NOP
                                00000697: 00                       NOP
                                00000698: 00                       NOP
                                00000699: 00                       NOP
                                0000069A: 00                       NOP
                                0000069B: 00                       NOP
                                0000069C: 00                       NOP
                                0000069D: 00                       NOP
                                0000069E: 00                       NOP
                                0000069F: 00                       NOP
                                000006A0: 00                       NOP
                                000006A1: 00                       NOP
                                000006A2: 00                       NOP
                                000006A3: 00                       NOP
                                000006A4: 00                       NOP
                                000006A5: 00                       NOP
                                000006A6: 00                       NOP
                                000006A7: 00                       NOP
                                000006A8: 00                       NOP
                                000006A9: 00                       NOP
                                000006AA: 00                       NOP
                                000006AB: 00                       NOP
                                000006AC: 00                       NOP
                                000006AD: 00                       NOP
                                000006AE: 00                       NOP
                                000006AF: 00                       NOP
                                000006B0: 00                       NOP
                                000006B1: 00                       NOP
                                000006B2: 00                       NOP
                                000006B3: 00                       NOP
                                000006B4: 00                       NOP
                                000006B5: 00                       NOP
                                000006B6: 00                       NOP
                                000006B7: 00                       NOP
                                000006B8: 00                       NOP
                                000006B9: 00                       NOP
                                000006BA: 00                       NOP
                                000006BB: 00                       NOP
                                000006BC: 00                       NOP
                                000006BD: 00                       NOP
                                000006BE: 00                       NOP
                                000006BF: 00                       NOP
                                000006C0: 00                       NOP
                                000006C1: 00                       NOP
                                000006C2: 00                       NOP
                                000006C3: 00                       NOP
                                000006C4: 00                       NOP
                                000006C5: 00                       NOP
                                000006C6: 00                       NOP
                                000006C7: 00                       NOP
                                000006C8: 00                       NOP
                                000006C9: 00                       NOP
                                000006CA: 00                       NOP
                                000006CB: 00                       NOP
                                000006CC: 00                       NOP
                                000006CD: 00                       NOP
                                000006CE: 00                       NOP
                                000006CF: 00                       NOP
                                000006D0: 00                       NOP
                                000006D1: 00                       NOP
                                000006D2: 00                       NOP
                                000006D3: 00                       NOP
                                000006D4: 00                       NOP
                                000006D5: 00                       NOP
                                000006D6: 00                       NOP
                                000006D7: 00                       NOP
                                000006D8: 00                       NOP
                                000006D9: 00                       NOP
                                000006DA: 00                       NOP
                                000006DB: 00                       NOP
                                000006DC: 00                       NOP
                                000006DD: 00                       NOP
                                000006DE: 00                       NOP
                                000006DF: 00                       NOP
                                000006E0: 00                       NOP
                                000006E1: 00                       NOP
                                000006E2: 00                       NOP
                                000006E3: 00                       NOP
                                000006E4: 00                       NOP
                                000006E5: 00                       NOP
                                000006E6: 00                       NOP
                                000006E7: 00                       NOP
                                000006E8: 00                       NOP
                                000006E9: 00                       NOP
                                000006EA: 00                       NOP
                                000006EB: 00                       NOP
                                000006EC: 00                       NOP
                                000006ED: 00                       NOP
                                000006EE: 00                       NOP
                                000006EF: 00                       NOP
                                000006F0: 00                       NOP
                                000006F1: 00                       NOP
                                000006F2: 00                       NOP
                                000006F3: 00                       NOP
                                000006F4: 00                       NOP
                                000006F5: 00                       NOP
                                000006F6: 00                       NOP
                                000006F7: 00                       NOP
                                000006F8: 00                       NOP
                                000006F9: 00                       NOP
                                000006FA: 00                       NOP
                                000006FB: 00                       NOP
                                000006FC: 00                       NOP
                                000006FD: 00                       NOP
                                000006FE: 00                       NOP
                                000006FF: 00                       NOP
                                00000700: 00                       NOP
                                00000701: 00                       NOP
                                00000702: 00                       NOP
                                00000703: 00                       NOP
                                00000704: 00                       NOP
                                00000705: 00                       NOP
                                00000706: 00                       NOP
                                00000707: 00                       NOP
                                00000708: 00                       NOP
                                00000709: 00                       NOP
                                0000070A: 00                       NOP
                                0000070B: 00                       NOP
                                0000070C: 00                       NOP
                                0000070D: 00                       NOP
                                0000070E: 00                       NOP
                                0000070F: 00                       NOP
                                00000710: 00                       NOP
                                00000711: 00                       NOP
                                00000712: 00                       NOP
                                00000713: 00                       NOP
                                00000714: 00                       NOP
                                00000715: 00                       NOP
                                00000716: 00                       NOP
                                00000717: 00                       NOP
                                00000718: 00                       NOP
                                00000719: 00                       NOP
                                0000071A: 00                       NOP
                                0000071B: 00                       NOP
                                0000071C: 00                       NOP
                                0000071D: 00                       NOP
                                0000071E: 00                       NOP
                                0000071F: 00                       NOP
                                00000720: 00                       NOP
                                00000721: 00                       NOP
                                00000722: 00                       NOP
                                00000723: 00                       NOP
                                00000724: 00                       NOP
                                00000725: 00                       NOP
                                00000726: 00                       NOP
                                00000727: 00                       NOP
                                00000728: 00                       NOP
                                00000729: 00                       NOP
                                0000072A: 00                       NOP
                                0000072B: 00                       NOP
                                0000072C: 00                       NOP
                                0000072D: 00                       NOP
                                0000072E: 00                       NOP
                                0000072F: 00                       NOP
                                00000730: 00                       NOP
                                00000731: 00                       NOP
                                00000732: 00                       NOP
                                00000733: 00                       NOP
                                00000734: 00                       NOP
                                00000735: 00                       NOP
                                00000736: 00                       NOP
                                00000737: 00                       NOP
                                00000738: 00                       NOP
                                00000739: 00                       NOP
                                0000073A: 00                       NOP
                                0000073B: 00                       NOP
                                0000073C: 00                       NOP
                                0000073D: 00                       NOP
                                0000073E: 00                       NOP
                                0000073F: 00                       NOP
                                00000740: 00                       NOP
                                00000741: 00                       NOP
                                00000742: 00                       NOP
                                00000743: 00                       NOP
                                00000744: 00                       NOP
                                00000745: 00                       NOP
                                00000746: 00                       NOP
                                00000747: 00                       NOP
                                00000748: 00                       NOP
                                00000749: 00                       NOP
                                0000074A: 00                       NOP
                                0000074B: 00                       NOP
                                0000074C: 00                       NOP
                                0000074D: 00                       NOP
                                0000074E: 00                       NOP
                                0000074F: 00                       NOP
                                00000750: 00                       NOP
                                00000751: 00                       NOP
                                00000752: 00                       NOP
                                00000753: 00                       NOP
                                00000754: 00                       NOP
                                00000755: 00                       NOP
                                00000756: 00                       NOP
                                00000757: 00                       NOP
                                00000758: 00                       NOP
                                00000759: 00                       NOP
                                0000075A: 00                       NOP
                                0000075B: 00                       NOP
                                0000075C: 00                       NOP
                                0000075D: 00                       NOP
                                0000075E: 00                       NOP
                                0000075F: 00                       NOP
                                00000760: 00                       NOP
                                00000761: 00                       NOP
                                00000762: 00                       NOP
                                00000763: 00                       NOP
                                00000764: 00                       NOP
                                00000765: 00                       NOP
                                00000766: 00                       NOP
                                00000767: 00                       NOP
                                00000768: 00                       NOP
                                00000769: 00                       NOP
                                0000076A: 00                       NOP
                                0000076B: 00                       NOP
                                0000076C: 00                       NOP
                                0000076D: 00                       NOP
                                0000076E: 00                       NOP
                                0000076F: 00                       NOP
                                00000770: 00                       NOP
                                00000771: 00                       NOP
                                00000772: 00                       NOP
                                00000773: 00                       NOP
                                00000774: 00                       NOP
                                00000775: 00                       NOP
                                00000776: 00                       NOP
                                00000777: 00                       NOP
                                00000778: 00                       NOP
                                00000779: 00                       NOP
                                0000077A: 00                       NOP
                                0000077B: 00                       NOP
                                0000077C: 00                       NOP
                                0000077D: 00                       NOP
                                0000077E: 00                       NOP
                                0000077F: 00                       NOP
                                00000780: 00                       NOP
                                00000781: 00                       NOP
                                00000782: 00                       NOP
                                00000783: 00                       NOP
                                00000784: 00                       NOP
                                00000785: 00                       NOP
                                00000786: 00                       NOP
                                00000787: 00                       NOP
                                00000788: 00                       NOP
                                00000789: 00                       NOP
                                0000078A: 00                       NOP
                                0000078B: 00                       NOP
                                0000078C: 00                       NOP
                                0000078D: 00                       NOP
                                0000078E: 00                       NOP
                                0000078F: 00                       NOP
                                00000790: 00                       NOP
                                00000791: 00                       NOP
                                00000792: 00                       NOP
                                00000793: 00                       NOP
                                00000794: 00                       NOP
                                00000795: 00                       NOP
                                00000796: 00                       NOP
                                00000797: 00                       NOP
                                00000798: 00                       NOP
                                00000799: 00                       NOP
                                0000079A: 00                       NOP
                                0000079B: 00                       NOP
                                0000079C: 00                       NOP
                                0000079D: 00                       NOP
                                0000079E: 00                       NOP
                                0000079F: 00                       NOP
                                000007A0: 00                       NOP
                                000007A1: 00                       NOP
                                000007A2: 00                       NOP
                                000007A3: 00                       NOP
                                000007A4: 00                       NOP
                                000007A5: 00                       NOP
                                000007A6: 00                       NOP
                                000007A7: 00                       NOP
                                000007A8: 00                       NOP
                                000007A9: 00                       NOP
                                000007AA: 00                       NOP
                                000007AB: 00                       NOP
                                000007AC: 00                       NOP
                                000007AD: 00                       NOP
                                000007AE: 00                       NOP
                                000007AF: 00                       NOP
                                000007B0: 00                       NOP
                                000007B1: 00                       NOP
                                000007B2: 00                       NOP
                                000007B3: 00                       NOP
                                000007B4: 00                       NOP
                                000007B5: 00                       NOP
                                000007B6: 00                       NOP
                                000007B7: 00                       NOP
                                000007B8: 00                       NOP
                                000007B9: 00                       NOP
                                000007BA: 00                       NOP
                                000007BB: 00                       NOP
                                000007BC: 00                       NOP
                                000007BD: 00                       NOP
                                000007BE: 00                       NOP
                                000007BF: 00                       NOP
                                000007C0: 00                       NOP
                                000007C1: 00                       NOP
                                000007C2: 00                       NOP
                                000007C3: 00                       NOP
                                000007C4: 00                       NOP
                                000007C5: 00                       NOP
                                000007C6: 00                       NOP
                                000007C7: 00                       NOP
                                000007C8: 00                       NOP
                                000007C9: 00                       NOP
                                000007CA: 00                       NOP
                                000007CB: 00                       NOP
                                000007CC: 00                       NOP
                                000007CD: 00                       NOP
                                000007CE: 00                       NOP
                                000007CF: 00                       NOP
                                000007D0: 00                       NOP
                                000007D1: 00                       NOP
                                000007D2: 00                       NOP
                                000007D3: 00                       NOP
                                000007D4: 00                       NOP
                                000007D5: 00                       NOP
                                000007D6: 00                       NOP
                                000007D7: 00                       NOP
                                000007D8: 00                       NOP
                                000007D9: 00                       NOP
                                000007DA: 00                       NOP
                                000007DB: 00                       NOP
                                000007DC: 00                       NOP
                                000007DD: 00                       NOP
                                000007DE: 00                       NOP
                                000007DF: 00                       NOP
                                000007E0: 00                       NOP
                                000007E1: 00                       NOP
                                000007E2: 00                       NOP
                                000007E3: 00                       NOP
                                000007E4: 00                       NOP
                                000007E5: 00                       NOP
                                000007E6: 00                       NOP
                                000007E7: 00                       NOP
                                000007E8: 00                       NOP
                                000007E9: 00                       NOP
                                000007EA: 00                       NOP
                                000007EB: 00                       NOP
                                000007EC: 00                       NOP
                                000007ED: 00                       NOP
                                000007EE: 00                       NOP
                                000007EF: 00                       NOP
                                000007F0: 00                       NOP
                                000007F1: 00                       NOP
                                000007F2: 00                       NOP
                                000007F3: 00                       NOP
                                000007F4: 00                       NOP
                                000007F5: 00                       NOP
                                000007F6: 00                       NOP
                                000007F7: 00                       NOP
                                000007F8: 00                       NOP
                                000007F9: 00                       NOP
                                000007FA: 00                       NOP
                                000007FB: 00                       NOP
                                000007FC: 00                       NOP
                                000007FD: 00                       NOP
                                000007FE: 00                       NOP
                                000007FF: 00                       NOP
